// Jest Snapshot v1, https://goo.gl/fbAQLP

exports[`TableProposals has the expected html structure 1`] = `
<div>
  <table
    class="data-table"
  >
    <thead>
      <tr
        class="panel-sort-container"
      >
        <th
          class="panel-sort-table-header sort-by"
        >
          <a
            class="sort-by-link"
          >
            
      Title
            <i
              class="material-icons"
            >
              arrow_drop_up
            </i>
          </a>
        </th>
        <th
          class="panel-sort-table-header sort-by"
        >
          <a
            class="sort-by-link"
          >
            
      Proposal Id
            <i
              class="material-icons"
            >
              arrow_drop_up
            </i>
          </a>
        </th>
        <th
          class="panel-sort-table-header sort-by"
        >
          <a
            class="sort-by-link"
          >
            
      Yes
            <i
              class="material-icons"
            >
              arrow_drop_up
            </i>
          </a>
        </th>
        <th
          class="panel-sort-table-header sort-by"
        >
          <a
            class="sort-by-link"
          >
            
      No
            <i
              class="material-icons"
            >
              arrow_drop_up
            </i>
          </a>
        </th>
        <th
          class="panel-sort-table-header sort-by"
        >
          <a
            class="sort-by-link"
          >
            
      No with Veto
            <i
              class="material-icons"
            >
              arrow_drop_up
            </i>
          </a>
        </th>
        <th
          class="panel-sort-table-header sort-by"
        >
          <a
            class="sort-by-link"
          >
            
      Abstain
            <i
              class="material-icons"
            >
              arrow_drop_up
            </i>
          </a>
        </th>
      </tr>
    </thead>
     
    <tbody>
      <tr
        class="data-table__row li-proposal"
      >
        <td
          class="data-table__row__info"
        >
          <div
            class="data-table__row__info__container"
          >
            <span
              class="data-table__row__info__container__status red"
            />
             
            <router-link-stub
              class="data-table__row__info__container__name"
              to="[object Object]"
            >
              
        Rejected proposal
      
            </router-link-stub>
             
            <p
              class="data-table__row__info__container__description"
            >
              
        this proposal was rejected
      
            </p>
          </div>
        </td>
         
        <td>
          #6
        </td>
         
        <td
          class="li-proposal__value yes"
        >
          
    6.25%
  
        </td>
         
        <td
          class="li-proposal__value no"
        >
          
    18.75%
  
        </td>
         
        <td
          class="li-proposal__value no_with_veto"
        >
          
    62.5%
  
        </td>
         
        <td
          class="li-proposal__value abstain"
        >
          
    12.5%
  
        </td>
      </tr>
      <tr
        class="data-table__row li-proposal"
      >
        <td
          class="data-table__row__info"
        >
          <div
            class="data-table__row__info__container"
          >
            <span
              class="data-table__row__info__container__status yellow"
            />
             
            <router-link-stub
              class="data-table__row__info__container__name"
              to="[object Object]"
            >
              
        Custom text proposal
      
            </router-link-stub>
             
            <p
              class="data-table__row__info__container__description"
            >
              
        custom text proposal description
      
            </p>
          </div>
        </td>
         
        <td>
          #5
        </td>
         
        <td
          class="li-proposal__value yes"
        >
          
    0.01%
  
        </td>
         
        <td
          class="li-proposal__value no"
        >
          
    0.01%
  
        </td>
         
        <td
          class="li-proposal__value no_with_veto"
        >
          
    0.01%
  
        </td>
         
        <td
          class="li-proposal__value abstain"
        >
          
    0.01%
  
        </td>
      </tr>
      <tr
        class="data-table__row li-proposal"
      >
        <td
          class="data-table__row__info"
        >
          <div
            class="data-table__row__info__container"
          >
            <span
              class="data-table__row__info__container__status green"
            />
             
            <router-link-stub
              class="data-table__row__info__container__name"
              to="[object Object]"
            >
              
        VotingPeriod proposal
      
            </router-link-stub>
             
            <p
              class="data-table__row__info__container__description"
            >
              
        custom text proposal description
      
            </p>
          </div>
        </td>
         
        <td>
          #2
        </td>
         
        <td
          class="li-proposal__value yes"
        >
          
    0.01%
  
        </td>
         
        <td
          class="li-proposal__value no"
        >
          
    0.01%
  
        </td>
         
        <td
          class="li-proposal__value no_with_veto"
        >
          
    0.01%
  
        </td>
         
        <td
          class="li-proposal__value abstain"
        >
          
    0.01%
  
        </td>
      </tr>
      <tr
        class="data-table__row li-proposal"
      >
        <td
          class="data-table__row__info"
        >
          <div
            class="data-table__row__info__container"
          >
            <span
              class="data-table__row__info__container__status material-icons"
            >
              
        checkmark
      
            </span>
             
            <router-link-stub
              class="data-table__row__info__container__name"
              to="[object Object]"
            >
              
        Proposal Title
      
            </router-link-stub>
             
            <p
              class="data-table__row__info__container__description"
            >
              
        Proposal description
      
            </p>
          </div>
        </td>
         
        <td>
          #1
        </td>
         
        <td
          class="li-proposal__value yes"
        >
          
    84.6%
  
        </td>
         
        <td
          class="li-proposal__value no"
        >
          
    4.23%
  
        </td>
         
        <td
          class="li-proposal__value no_with_veto"
        >
          
    1.69%
  
        </td>
         
        <td
          class="li-proposal__value abstain"
        >
          
    9.48%
  
        </td>
      </tr>
    </tbody>
  </table>
</div>
`;

exports[`TableProposals should filter the proposals 1`] = `
<div>
  <table
    class="data-table"
  >
    <thead>
      <tr
        class="panel-sort-container"
      >
        <th
          class="panel-sort-table-header sort-by"
        >
          <a
            class="sort-by-link"
          >
            
      Title
            <i
              class="material-icons"
            >
              arrow_drop_up
            </i>
          </a>
        </th>
        <th
          class="panel-sort-table-header sort-by"
        >
          <a
            class="sort-by-link"
          >
            
      Proposal Id
            <i
              class="material-icons"
            >
              arrow_drop_up
            </i>
          </a>
        </th>
        <th
          class="panel-sort-table-header sort-by"
        >
          <a
            class="sort-by-link"
          >
            
      Yes
            <i
              class="material-icons"
            >
              arrow_drop_up
            </i>
          </a>
        </th>
        <th
          class="panel-sort-table-header sort-by"
        >
          <a
            class="sort-by-link"
          >
            
      No
            <i
              class="material-icons"
            >
              arrow_drop_up
            </i>
          </a>
        </th>
        <th
          class="panel-sort-table-header sort-by"
        >
          <a
            class="sort-by-link"
          >
            
      No with Veto
            <i
              class="material-icons"
            >
              arrow_drop_up
            </i>
          </a>
        </th>
        <th
          class="panel-sort-table-header sort-by"
        >
          <a
            class="sort-by-link"
          >
            
      Abstain
            <i
              class="material-icons"
            >
              arrow_drop_up
            </i>
          </a>
        </th>
      </tr>
    </thead>
     
    <tbody>
      <tr
        class="data-table__row li-proposal"
      >
        <td
          class="data-table__row__info"
        >
          <div
            class="data-table__row__info__container"
          >
            <span
              class="data-table__row__info__container__status red"
            />
             
            <router-link-stub
              class="data-table__row__info__container__name"
              to="[object Object]"
            >
              
        Rejected proposal
      
            </router-link-stub>
             
            <p
              class="data-table__row__info__container__description"
            >
              
        this proposal was rejected
      
            </p>
          </div>
        </td>
         
        <td>
          #6
        </td>
         
        <td
          class="li-proposal__value yes"
        >
          
    6.25%
  
        </td>
         
        <td
          class="li-proposal__value no"
        >
          
    18.75%
  
        </td>
         
        <td
          class="li-proposal__value no_with_veto"
        >
          
    62.5%
  
        </td>
         
        <td
          class="li-proposal__value abstain"
        >
          
    12.5%
  
        </td>
      </tr>
      <tr
        class="data-table__row li-proposal"
      >
        <td
          class="data-table__row__info"
        >
          <div
            class="data-table__row__info__container"
          >
            <span
              class="data-table__row__info__container__status yellow"
            />
             
            <router-link-stub
              class="data-table__row__info__container__name"
              to="[object Object]"
            >
              
        Custom text proposal
      
            </router-link-stub>
             
            <p
              class="data-table__row__info__container__description"
            >
              
        custom text proposal description
      
            </p>
          </div>
        </td>
         
        <td>
          #5
        </td>
         
        <td
          class="li-proposal__value yes"
        >
          
    0.01%
  
        </td>
         
        <td
          class="li-proposal__value no"
        >
          
    0.01%
  
        </td>
         
        <td
          class="li-proposal__value no_with_veto"
        >
          
    0.01%
  
        </td>
         
        <td
          class="li-proposal__value abstain"
        >
          
    0.01%
  
        </td>
      </tr>
      <tr
        class="data-table__row li-proposal"
      >
        <td
          class="data-table__row__info"
        >
          <div
            class="data-table__row__info__container"
          >
            <span
              class="data-table__row__info__container__status green"
            />
             
            <router-link-stub
              class="data-table__row__info__container__name"
              to="[object Object]"
            >
              
        VotingPeriod proposal
      
            </router-link-stub>
             
            <p
              class="data-table__row__info__container__description"
            >
              
        custom text proposal description
      
            </p>
          </div>
        </td>
         
        <td>
          #2
        </td>
         
        <td
          class="li-proposal__value yes"
        >
          
    0.01%
  
        </td>
         
        <td
          class="li-proposal__value no"
        >
          
    0.01%
  
        </td>
         
        <td
          class="li-proposal__value no_with_veto"
        >
          
    0.01%
  
        </td>
         
        <td
          class="li-proposal__value abstain"
        >
          
    0.01%
  
        </td>
      </tr>
      <tr
        class="data-table__row li-proposal"
      >
        <td
          class="data-table__row__info"
        >
          <div
            class="data-table__row__info__container"
          >
            <span
              class="data-table__row__info__container__status material-icons"
            >
              
        checkmark
      
            </span>
             
            <router-link-stub
              class="data-table__row__info__container__name"
              to="[object Object]"
            >
              
        Proposal Title
      
            </router-link-stub>
             
            <p
              class="data-table__row__info__container__description"
            >
              
        Proposal description
      
            </p>
          </div>
        </td>
         
        <td>
          #1
        </td>
         
        <td
          class="li-proposal__value yes"
        >
          
    84.6%
  
        </td>
         
        <td
          class="li-proposal__value no"
        >
          
    4.23%
  
        </td>
         
        <td
          class="li-proposal__value no_with_veto"
        >
          
    1.69%
  
        </td>
         
        <td
          class="li-proposal__value abstain"
        >
          
    9.48%
  
        </td>
      </tr>
    </tbody>
  </table>
</div>
`;
