// Jest Snapshot v1, https://goo.gl/fbAQLP

exports[`TabStakingParameters displays a message if loading 1`] = `
<tmdataloading-stub
  title="Data is loadingâ€¦"
/>
`;

exports[`TabStakingParameters displays a message if loading 2`] = `
<div>
  <div>
    <div
      class="parameters__details parameters__section"
    >
      <div
        class="row"
      >
        <div
          class="col-lg-4 col-md-4 col-sm-4 col-xs-12 info_dl"
        >
          <dt>
            
            Duration of Undelegation Period
            
            <i
              class="material-icons info-button"
              id="tooltip-target-4"
            >
              
              info_outline
            
            </i>
             
            <b-tooltip
              target="tooltip-target-4"
              triggers="hover"
            >
              
              Time to complete an undelegation transaction and claim rewards
            
            </b-tooltip>
          </dt>
           
          <dd
            id="unbonding_time"
          >
            
            3 days
          
          </dd>
        </div>
         
        <div
          class="col-lg-4 col-md-4 col-sm-4 col-xs-12 info_dl"
        >
          <dt>
            Current Staking Token
          </dt>
           
          <dd
            id="bond_denom"
          >
            
            CLR
          
          </dd>
        </div>
         
        <div
          class="col-lg-4 col-md-4 col-sm-4 col-xs-12 info_dl width"
        >
          <dt>
            Maximum Number of Validators
          </dt>
           
          <dd
            id="max_validators"
          >
            
            100
          
          </dd>
        </div>
      </div>
    </div>
  </div>
</div>
`;

exports[`TabStakingParameters displays a message if waiting for connection 1`] = `<tmdataconnecting-stub />`;

exports[`TabStakingParameters displays a message if waiting for connection 2`] = `
<div>
  <div>
    <div
      class="parameters__details parameters__section"
    >
      <div
        class="row"
      >
        <div
          class="col-lg-4 col-md-4 col-sm-4 col-xs-12 info_dl"
        >
          <dt>
            
            Duration of Undelegation Period
            
            <i
              class="material-icons info-button"
              id="tooltip-target-4"
            >
              
              info_outline
            
            </i>
             
            <b-tooltip
              target="tooltip-target-4"
              triggers="hover"
            >
              
              Time to complete an undelegation transaction and claim rewards
            
            </b-tooltip>
          </dt>
           
          <dd
            id="unbonding_time"
          >
            
            3 days
          
          </dd>
        </div>
         
        <div
          class="col-lg-4 col-md-4 col-sm-4 col-xs-12 info_dl"
        >
          <dt>
            Current Staking Token
          </dt>
           
          <dd
            id="bond_denom"
          >
            
            CLR
          
          </dd>
        </div>
         
        <div
          class="col-lg-4 col-md-4 col-sm-4 col-xs-12 info_dl width"
        >
          <dt>
            Maximum Number of Validators
          </dt>
           
          <dd
            id="max_validators"
          >
            
            100
          
          </dd>
        </div>
      </div>
    </div>
  </div>
</div>
`;

exports[`TabStakingParameters has the expected html structure 1`] = `
<div>
  <div>
    <div
      class="parameters__details parameters__section"
    >
      <div
        class="row"
      >
        <div
          class="col-lg-4 col-md-4 col-sm-4 col-xs-12 info_dl"
        >
          <dt>
            
            Duration of Undelegation Period
            
            <i
              class="material-icons info-button"
              id="tooltip-target-4"
            >
              
              info_outline
            
            </i>
             
            <b-tooltip
              target="tooltip-target-4"
              triggers="hover"
            >
              
              Time to complete an undelegation transaction and claim rewards
            
            </b-tooltip>
          </dt>
           
          <dd
            id="unbonding_time"
          >
            
            3 days
          
          </dd>
        </div>
         
        <div
          class="col-lg-4 col-md-4 col-sm-4 col-xs-12 info_dl"
        >
          <dt>
            Current Staking Token
          </dt>
           
          <dd
            id="bond_denom"
          >
            
            CLR
          
          </dd>
        </div>
         
        <div
          class="col-lg-4 col-md-4 col-sm-4 col-xs-12 info_dl width"
        >
          <dt>
            Maximum Number of Validators
          </dt>
           
          <dd
            id="max_validators"
          >
            
            100
          
          </dd>
        </div>
      </div>
    </div>
  </div>
</div>
`;
