// Jest Snapshot v1, https://goo.gl/fbAQLP

exports[`TmSessionWelcome has the expected html structure 1`] = `
<sessionframe-stub>
  <div
    id="session-welcome"
  >
    <router-link-stub
      to="/"
    >
      <img
        class="session-logo-mobile"
        src="~assets/images/color-wallet-logo.png"
      />
    </router-link-stub>
     
    <h2
      class="session-title"
    >
      
      Welcome to Color Wallet
    
    </h2>
     
    <p
      class="session-paragraph"
    >
      
      The easiest way to send, clr, and vote on the Color Platform.
    
    </p>
     
    <div
      class="session-list"
    >
      <lisession-stub
        icon="person_add"
        id="creat-new-address"
        route="create"
        title="Create a new address"
      />
       
      <lisession-stub
        icon="person"
        id="use-an-existing-address"
        route="existing"
        title="Use an existing address"
      />
    </div>
     
    <p
      class="footnote"
    >
      
      By using Color Wallet, you accept our
      
      <router-link-stub
        class="link"
        to="/terms"
      >
        Terms of Service
      </router-link-stub>
       and
      
      <router-link-stub
        class="link"
        to="/privacy"
      >
        Privacy Policy
      </router-link-stub>
      .
    
    </p>
  </div>
</sessionframe-stub>
`;
