// Jest Snapshot v1, https://goo.gl/fbAQLP

exports[`LiTransaction should show a network fee 1`] = `
<div
  class="li-tx"
>
  <div
    class="li-tx__content"
  >
    <div
      class="li-tx__content__left"
    >
      <div
        class="li-tx__icon"
      >
        <img
          rel="preload"
          src="~assets/images/color.svg"
          style="border-color: #ffffff;"
        />
      </div>
       
      <div
        class="li-tx-desc"
      >
        <div
          class="li-tx__content__caption"
        >
          <p
            class="li-tx__content__caption__title alignment-res"
          >
            <span>
              Some Caption
            </span>
          </p>
        </div>
         
        <div
          class="li-tx__content__information"
        >
          <span>
            Some Details
          </span>
           
          <!---->
        </div>
         
        <div
          class="tx-hash"
        >
          
        Tx Hash # 
        
          <div
            class="address"
            id="address"
          >
            
          </div>
           
          <div
            class="copied"
          >
            <i
              class="material-icons"
            >
              check
            </i>
             
            <span>
              Copied
            </span>
          </div>
        </div>
      </div>
    </div>
     
    <div
      class="li-tx__content__right"
    >
      <div>
        
        Network Fee: 
        
        <b>
          0.003421
        </b>
         
        <span>
          CLR
        </span>
      </div>
       
      <div
        class="li-tx__content__block"
      >
        <router-link-stub
          to="[object Object]"
        >
          Block #500 
        </router-link-stub>
      </div>
       
      <div
        class="li-tx__content__block"
      >
        
       Jan 1st 1970, 00:00:42am UTC
      
      </div>
    </div>
  </div>
</div>
`;

exports[`LiTransaction should show a network fee of 0 1`] = `
<div
  class="li-tx"
>
  <div
    class="li-tx__content"
  >
    <div
      class="li-tx__content__left"
    >
      <div
        class="li-tx__icon"
      >
        <img
          rel="preload"
          src="~assets/images/color.svg"
          style="border-color: #ffffff;"
        />
      </div>
       
      <div
        class="li-tx-desc"
      >
        <div
          class="li-tx__content__caption"
        >
          <p
            class="li-tx__content__caption__title alignment-res"
          >
            <span>
              Some Caption
            </span>
          </p>
        </div>
         
        <div
          class="li-tx__content__information"
        >
          <span>
            Some Details
          </span>
           
          <!---->
        </div>
         
        <div
          class="tx-hash"
        >
          
        Tx Hash # 
        
          <div
            class="address"
            id="address"
          >
            
          </div>
           
          <div
            class="copied"
          >
            <i
              class="material-icons"
            >
              check
            </i>
             
            <span>
              Copied
            </span>
          </div>
        </div>
      </div>
    </div>
     
    <div
      class="li-tx__content__right"
    >
      <div>
        
        Network Fee: 
        
        <b>
          0.003421
        </b>
         
        <span>
          CLR
        </span>
      </div>
       
      <div
        class="li-tx__content__block"
      >
        <router-link-stub
          to="[object Object]"
        >
          Block #500 
        </router-link-stub>
      </div>
       
      <div
        class="li-tx__content__block"
      >
        
       Jan 1st 1970, 00:00:42am UTC
      
      </div>
    </div>
  </div>
</div>
`;

exports[`LiTransaction should show a transaction item 1`] = `
<div
  class="li-tx"
>
  <div
    class="li-tx__content"
  >
    <div
      class="li-tx__content__left"
    >
      <div
        class="li-tx__icon"
      >
        <img
          rel="preload"
          src="~assets/images/color.svg"
          style="border-color: #ffffff;"
        />
      </div>
       
      <div
        class="li-tx-desc"
      >
        <div
          class="li-tx__content__caption"
        >
          <p
            class="li-tx__content__caption__title alignment-res"
          >
            <span>
              Some Caption
            </span>
          </p>
        </div>
         
        <div
          class="li-tx__content__information"
        >
          <span>
            Some Details
          </span>
           
          <!---->
        </div>
         
        <div
          class="tx-hash"
        >
          
        Tx Hash # 
        
          <div
            class="address"
            id="address"
          >
            
          </div>
           
          <div
            class="copied"
          >
            <i
              class="material-icons"
            >
              check
            </i>
             
            <span>
              Copied
            </span>
          </div>
        </div>
      </div>
    </div>
     
    <div
      class="li-tx__content__right"
    >
      <div>
        
        Network Fee: 
        
        <b>
          0.003421
        </b>
         
        <span>
          CLR
        </span>
      </div>
       
      <div
        class="li-tx__content__block"
      >
        <router-link-stub
          to="[object Object]"
        >
          Block #500 
        </router-link-stub>
      </div>
       
      <div
        class="li-tx__content__block"
      >
        
       Jan 1st 1970, 00:00:42am UTC
      
      </div>
    </div>
  </div>
</div>
`;
