// Jest Snapshot v1, https://goo.gl/fbAQLP

exports[`TableInvoice should render correctly 1`] = `
<div>
  <ul
    class="table-invoice"
  >
    <li>
      <span>
        Subtotal
      </span>
       
      <span>
         17.200000 COLOR 
      </span>
    </li>
     
    <li>
      <span>
        Network Fee
      </span>
       
      <span>
        
        0.030864
        COLOR
      
      </span>
    </li>
     
    <li
      class="total-row"
    >
      <span>
        Total
      </span>
       
      <span>
         17.230864 COLOR 
      </span>
    </li>
  </ul>
</div>
`;
